2026-02-23 17:56:22,046 INFO sqlalchemy.engine.Engine BEGIN (implicit)
2026-02-23 17:56:22,046 INFO sqlalchemy.engine.Engine PRAGMA main.table_info("companies")
2026-02-23 17:56:22,046 INFO sqlalchemy.engine.Engine [raw sql] ()
2026-02-23 17:56:22,047 INFO sqlalchemy.engine.Engine PRAGMA main.table_info("policies")
2026-02-23 17:56:22,047 INFO sqlalchemy.engine.Engine [raw sql] ()
2026-02-23 17:56:22,047 INFO sqlalchemy.engine.Engine PRAGMA main.table_info("database_connections")
2026-02-23 17:56:22,048 INFO sqlalchemy.engine.Engine [raw sql] ()
2026-02-23 17:56:22,049 INFO sqlalchemy.engine.Engine PRAGMA main.table_info("approval_requests")
2026-02-23 17:56:22,049 INFO sqlalchemy.engine.Engine [raw sql] ()
2026-02-23 17:56:22,049 INFO sqlalchemy.engine.Engine PRAGMA main.table_info("notifications")
2026-02-23 17:56:22,049 INFO sqlalchemy.engine.Engine [raw sql] ()
2026-02-23 17:56:22,050 INFO sqlalchemy.engine.Engine COMMIT
2026-02-23 17:56:22,059 INFO sqlalchemy.engine.Engine BEGIN (implicit)
2026-02-23 17:56:22,061 INFO sqlalchemy.engine.Engine INSERT INTO companies (id, name, industry, hr_name, hr_email, hr_email_password, support_email, support_phone, support_whatsapp, support_message, login_link, is_active, created_at, updated_at) VALUES (?, ?, ?, ?, ?, ?, ?, ?, ?, ?, ?, ?, ?, ?)
2026-02-23 17:56:22,061 INFO sqlalchemy.engine.Engine [generated in 0.00025s] ('9c4462e4-270b-4555-8fa8-f79c8a475793', 'Botivate', 'Software', 'Gautam Gupta', 'gautamgupta102@gmail.com', None, 'gautamgupta102@gmail.com', None, None, 'If you face any issue like password reset, login failure, or access problem, please contact your company support.', 'http://localhost:5173', 1, '2026-02-23 12:26:22.061563', '2026-02-23 12:26:22.061563')
2026-02-23 17:56:22,063 INFO sqlalchemy.engine.Engine COMMIT
2026-02-23 17:56:22,068 INFO sqlalchemy.engine.Engine BEGIN (implicit)
2026-02-23 17:56:22,070 INFO sqlalchemy.engine.Engine SELECT companies.id, companies.name, companies.industry, companies.hr_name, companies.hr_email, companies.hr_email_password, companies.support_email, companies.support_phone, companies.support_whatsapp, companies.support_message, companies.login_link, companies.is_active, companies.schema_map, companies.created_at, companies.updated_at 
FROM companies 
WHERE companies.id = ?
2026-02-23 17:56:22,070 INFO sqlalchemy.engine.Engine [generated in 0.00013s] ('9c4462e4-270b-4555-8fa8-f79c8a475793',)
SUCCESS: 9c4462e4-270b-4555-8fa8-f79c8a475793
2026-02-23 17:56:22,072 INFO sqlalchemy.engine.Engine ROLLBACK
